\BOOKMARK [1][-]{section.1}{\376\377\0001\000\040\133\236\232\214\166\356\166\204}{}% 1
\BOOKMARK [1][-]{section.2}{\376\377\0002\000\040\133\236\232\214\123\237\164\006}{}% 2
\BOOKMARK [2][-]{subsection.2.1}{\376\377\0002\000.\0001\000\040\121\111\150\005\166\204\127\372\147\054\162\171\140\047}{section.2}% 3
\BOOKMARK [2][-]{subsection.2.2}{\376\377\0002\000.\0002\000\040\121\111\150\005\145\271\172\013}{section.2}% 4
\BOOKMARK [2][-]{subsection.2.3}{\376\377\0002\000.\0003\000\040\131\032\177\035\210\115\134\004\137\072\136\246\122\006\136\003}{section.2}% 5
\BOOKMARK [2][-]{subsection.2.4}{\376\377\0002\000.\0004\000\040\147\201\131\047\116\016\147\201\134\017\147\141\116\366}{section.2}% 6
\BOOKMARK [2][-]{subsection.2.5}{\376\377\0002\000.\0005\000\040\177\072\176\247\163\260\214\141}{section.2}% 7
\BOOKMARK [2][-]{subsection.2.6}{\376\377\0002\000.\0006\000\040\121\111\150\005\166\204\122\006\121\111\140\047\200\375\123\302\145\160}{section.2}% 8
\BOOKMARK [3][-]{subsubsection.2.6.1}{\376\377\0002\000.\0006\000.\0001\000\040\122\006\217\250\147\054\230\206}{subsection.2.6}% 9
\BOOKMARK [3][-]{subsubsection.2.6.2}{\376\377\0002\000.\0006\000.\0002\000\040\211\322\202\162\145\143\163\207}{subsection.2.6}% 10
\BOOKMARK [1][-]{section.3}{\376\377\0003\000\040\133\236\232\214\116\352\126\150}{}% 11
\BOOKMARK [1][-]{section.4}{\376\377\0004\000\040\133\236\232\214\153\145\232\244}{}% 12
\BOOKMARK [2][-]{subsection.4.1}{\376\377\0004\000.\0001\000\040\133\236\232\214\116\000\377\032\000p\000m\0005\176\247\121\111\150\005\136\070\145\160\155\113\221\317}{section.4}% 13
\BOOKMARK [2][-]{subsection.4.2}{\376\377\0004\000.\0002\000\040\133\236\232\214\116\214\377\032\000p\000m\0001\176\247\121\111\150\005\136\070\145\160\155\113\221\317}{section.4}% 14
\BOOKMARK [2][-]{subsection.4.3}{\376\377\0004\000.\0003\000\040\133\236\232\214\116\011\377\032\154\342\225\177\155\113\221\317\116\016\213\357\135\356\122\006\147\220}{section.4}% 15
\BOOKMARK [1][-]{section.5}{\376\377\0005\000\040\133\236\232\214\145\160\143\156\116\016\131\004\164\006}{}% 16
\BOOKMARK [2][-]{subsection.5.1}{\376\377\0005\000.\0001\000\040\133\236\232\214\116\000\377\032\000p\000m\0005\176\247\121\111\150\005\136\070\145\160\155\113\221\317}{section.5}% 17
\BOOKMARK [2][-]{subsection.5.2}{\376\377\0005\000.\0002\000\040\133\236\232\214\116\214\377\032\000p\000m\0001\176\247\121\111\150\005\136\070\145\160\155\113\221\317}{section.5}% 18
\BOOKMARK [2][-]{subsection.5.3}{\376\377\0005\000.\0003\000\040\133\236\232\214\116\011\377\032\154\342\225\177\155\113\221\317\116\016\213\357\135\356\122\006\147\220}{section.5}% 19
\BOOKMARK [1][-]{section.6}{\376\377\0006\000\040\133\236\232\214\176\323\147\234\116\016\122\006\147\220}{}% 20
\BOOKMARK [2][-]{subsection.6.1}{\376\377\0006\000.\0001\000\040\121\111\150\005\136\070\145\160\155\113\221\317\176\323\147\234}{section.6}% 21
\BOOKMARK [2][-]{subsection.6.2}{\376\377\0006\000.\0002\000\040\210\115\134\004\147\141\176\271\122\006\136\003\162\171\160\271}{section.6}% 22
\BOOKMARK [2][-]{subsection.6.3}{\376\377\0006\000.\0003\000\040\121\111\226\021\133\124\137\204\133\371\210\115\134\004\126\376\150\110\166\204\137\161\124\315}{section.6}% 23
\BOOKMARK [2][-]{subsection.6.4}{\376\377\0006\000.\0004\000\040\171\273\161\046\133\371\210\115\134\004\126\376\150\110\166\204\137\161\124\315}{section.6}% 24
\BOOKMARK [1][-]{section.7}{\376\377\0007\000\040\213\357\135\356\122\006\147\220}{}% 25
\BOOKMARK [2][-]{subsection.7.1}{\376\377\0007\000.\0001\000\040\116\073\211\201\213\357\135\356\147\145\156\220}{section.7}% 26
\BOOKMARK [2][-]{subsection.7.2}{\376\377\0007\000.\0002\000\040\213\357\135\356\117\040\220\022\122\006\147\220}{section.7}% 27
\BOOKMARK [2][-]{subsection.7.3}{\376\377\0007\000.\0003\000\040\145\071\217\333\136\372\213\256}{section.7}% 28
\BOOKMARK [1][-]{section.8}{\376\377\0008\000\040\133\236\232\214\176\323\213\272}{}% 29
