\BOOKMARK [1][-]{section.1}{\376\377\0001\000\040\133\236\232\214\166\356\166\204}{}% 1
\BOOKMARK [1][-]{section.2}{\376\377\0002\000\040\133\236\232\214\123\237\164\006}{}% 2
\BOOKMARK [2][-]{subsection.2.1}{\376\377\0002\000.\0001\000\040\210\115\134\004\121\111\150\005}{section.2}% 3
\BOOKMARK [2][-]{subsection.2.2}{\376\377\0002\000.\0002\000\040\121\111\150\005\145\271\172\013}{section.2}% 4
\BOOKMARK [2][-]{subsection.2.3}{\376\377\0002\000.\0003\000\040\131\032\177\035\210\115\134\004\137\072\136\246\122\006\136\003}{section.2}% 5
\BOOKMARK [2][-]{subsection.2.4}{\376\377\0002\000.\0004\000\040\133\236\232\214\116\000\155\113\221\317\123\237\164\006}{section.2}% 6
\BOOKMARK [2][-]{subsection.2.5}{\376\377\0002\000.\0005\000\040\133\236\232\214\116\214\155\113\221\317\123\237\164\006}{section.2}% 7
\BOOKMARK [1][-]{section.3}{\376\377\0003\000\040\133\236\232\214\116\352\126\150}{}% 8
\BOOKMARK [1][-]{section.4}{\376\377\0004\000\040\133\236\232\214\153\145\232\244}{}% 9
\BOOKMARK [2][-]{subsection.4.1}{\376\377\0004\000.\0001\000\040\133\236\232\214\116\000\377\032\131\032\176\247\210\115\134\004\154\325\155\113\121\111\150\005\136\070\145\160}{section.4}% 10
\BOOKMARK [2][-]{subsection.4.2}{\376\377\0004\000.\0002\000\040\133\236\232\214\116\214\377\032\166\364\143\245\154\325\155\113\121\111\150\005\136\070\145\160}{section.4}% 11
\BOOKMARK [2][-]{subsection.4.3}{\376\377\0004\000.\0003\000\040\133\236\232\214\116\011\377\032\122\051\165\050\150\007\121\306\121\111\150\005\155\113\221\317\157\300\121\111\154\342\225\177}{section.4}% 12
\BOOKMARK [1][-]{section.5}{\376\377\0005\000\040\133\236\232\214\145\160\143\156\116\016\131\004\164\006}{}% 13
\BOOKMARK [2][-]{subsection.5.1}{\376\377\0005\000.\0001\000\040\133\236\232\214\116\000\377\032\131\032\176\247\210\115\134\004\154\325}{section.5}% 14
\BOOKMARK [2][-]{subsection.5.2}{\376\377\0005\000.\0002\000\040\133\236\232\214\116\214\377\032\166\364\143\245\154\325}{section.5}% 15
\BOOKMARK [2][-]{subsection.5.3}{\376\377\0005\000.\0003\000\040\133\236\232\214\116\011\377\032\122\051\165\050\150\007\121\306\121\111\150\005\123\315\173\227\157\300\121\111\154\342\225\177}{section.5}% 16
\BOOKMARK [1][-]{section.6}{\376\377\0006\000\040\133\236\232\214\176\323\147\234\116\016\122\006\147\220}{}% 17
\BOOKMARK [2][-]{subsection.6.1}{\376\377\0006\000.\0001\000\040\133\236\232\214\121\111\215\357\161\147\162\107}{section.6}% 18
\BOOKMARK [2][-]{subsection.6.2}{\376\377\0006\000.\0002\000\040\210\115\134\004\126\376\150\110\211\302\133\337}{section.6}% 19
\BOOKMARK [2][-]{subsection.6.3}{\376\377\0006\000.\0003\000\040\163\260\214\141\122\006\147\220}{section.6}% 20
\BOOKMARK [1][-]{section.7}{\376\377\0007\000\040\213\357\135\356\122\006\147\220}{}% 21
\BOOKMARK [2][-]{subsection.7.1}{\376\377\0007\000.\0001\000\040\174\373\176\337\213\357\135\356\147\145\156\220}{section.7}% 22
\BOOKMARK [2][-]{subsection.7.2}{\376\377\0007\000.\0002\000\040\226\217\147\072\213\357\135\356\147\145\156\220}{section.7}% 23
\BOOKMARK [2][-]{subsection.7.3}{\376\377\0007\000.\0003\000\040\133\236\232\214\116\011\213\357\135\356\211\304\137\213\122\006\147\220}{section.7}% 24
\BOOKMARK [1][-]{section.8}{\376\377\0008\000\040\133\236\232\214\176\323\213\272}{}% 25
\BOOKMARK [1][-]{section.9}{\376\377\0009\000\040\140\035\200\003\230\230}{}% 26
\BOOKMARK [1][-]{appendix.A}{\376\377\000A\000\040\123\237\131\313\145\160\143\156\213\260\137\125}{}% 27
